// Jest Snapshot v1, https://goo.gl/fbAQLP

exports[`pruebas <CounterApp/> Validar render de <PrimeraApp/> 1`] = `
<Fragment>
  <h1>
    Contador
  </h1>
  <h2>
     
    10
     
  </h2>
  <button
    onClick={[Function]}
  >
    +1
  </button>
  <button
    onClick={[Function]}
  >
    Reset
  </button>
  <button
    onClick={[Function]}
  >
    -1
  </button>
</Fragment>
`;
