// Jest Snapshot v1, https://goo.gl/fbAQLP

exports[`pruebas <PrimeraApp/> Validar render de <PrimeraApp/> 1`] = `
<Fragment>
  <h1>
     
    Hola clase
     
  </h1>
  <p>
     
    Soy un subtitulo
     
  </p>
</Fragment>
`;
